
  EPA STORM WATER MANAGEMENT MODEL - VERSION 5.2 (Build 5.2.4)
  ------------------------------------------------------------

  WARNING 04: minimum elevation drop used for Conduit D_B_01
  
  *************
  Element Count
  *************
  Number of rain gages ...... 1
  Number of subcatchments ... 46
  Number of nodes ........... 48
  Number of links ........... 47
  Number of pollutants ...... 0
  Number of land uses ....... 0
  
  
  ****************
  Raingage Summary
  ****************
                                                      Data       Recording
  Name                 Data Source                    Type       Interval 
  ------------------------------------------------------------------------
  RG_TR50              TS_TR50                        INTENSITY    5 min.
  
  
  ********************
  Subcatchment Summary
  ********************
  Name                       Area     Width   %Imperv    %Slope Rain Gage            Outlet              
  -----------------------------------------------------------------------------------------------------------
  SC_B_0001                  8.68    230.92     30.00   49.0490 RG_TR50              N_B_0044            
  SC_B_0002                  6.12    198.99     30.00   20.5030 RG_TR50              N_B_0034            
  SC_B_0003                  5.92    197.87     30.00   13.1220 RG_TR50              N_B_0031            
  SC_B_0004                  2.66    123.19     30.00   23.7980 RG_TR50              N_B_0040            
  SC_B_0005                  6.67    199.15     30.00    6.4740 RG_TR50              N_B_0036            
  SC_B_0006                  3.83    181.70     30.00   11.3150 RG_TR50              N_B_0043            
  SC_B_0007                 26.46    458.09     30.00    3.5620 RG_TR50              N_B_0038            
  SC_B_0008                  0.41     64.14     30.00    5.9050 RG_TR50              N_B_0030            
  SC_B_0009                  0.46     68.69     30.00   45.7880 RG_TR50              N_B_0042            
  SC_B_0010                  0.86     70.32     30.00    7.3370 RG_TR50              N_B_0032            
  SC_B_0011                  0.47     68.64     30.00    3.9540 RG_TR50              N_B_0029            
  SC_B_0012                  0.92     96.03     30.00   24.3160 RG_TR50              N_B_0028            
  SC_B_0013                  1.75    119.29     30.00    2.5060 RG_TR50              N_B_0039            
  SC_B_0014                  0.65     83.22     30.00   12.9030 RG_TR50              N_B_0024            
  SC_B_0015                  0.89     92.92     30.00    4.8220 RG_TR50              N_B_0027            
  SC_B_0016                  1.17     99.51     30.00   16.9840 RG_TR50              N_B_0026            
  SC_B_0017                  1.23     91.74     30.00   10.4100 RG_TR50              N_B_0033            
  SC_B_0018                  1.01     74.36     30.00    6.8420 RG_TR50              N_B_0022            
  SC_B_0019                  1.08    105.87     30.00   24.6970 RG_TR50              N_B_0025            
  SC_B_0020                  1.32    113.61     30.00    8.0150 RG_TR50              N_B_0035            
  SC_B_0021                  1.00     78.06     30.00    9.0450 RG_TR50              N_B_0018            
  SC_B_0022                  1.31     99.78     30.00   13.1520 RG_TR50              N_B_0016            
  SC_B_0023                  2.76    169.25     30.00   17.1430 RG_TR50              N_B_0021            
  SC_B_0024                  0.71     75.45     30.00   25.1720 RG_TR50              N_B_0045            
  SC_B_0025                  4.10    205.97     30.00   16.4810 RG_TR50              N_B_0020            
  SC_B_0026                  1.97     99.25     30.00   10.9400 RG_TR50              N_B_0014            
  SC_B_0027                  0.59     74.64     30.00   20.8980 RG_TR50              N_B_0023            
  SC_B_0028                  7.68    283.83     30.00   18.5560 RG_TR50              N_B_0010            
  SC_B_0029                 23.47    450.57     30.00    6.9050 RG_TR50              N_B_0011            
  SC_B_0030                  1.04     68.52     30.00   33.2500 RG_TR50              N_B_0037            
  SC_B_0031                  0.75     81.73     30.00   47.9580 RG_TR50              N_B_0019            
  SC_B_0032                  9.08    209.74     30.00   20.5040 RG_TR50              N_B_0003            
  SC_B_0033                  1.52    118.99     30.00    9.1850 RG_TR50              N_B_0017            
  SC_B_0034                  0.86     73.15     30.00   25.3120 RG_TR50              N_B_0015            
  SC_B_0035                  1.49    107.06     30.00   27.7370 RG_TR50              N_B_0013            
  SC_B_0036                  4.12    171.91     30.00    4.3400 RG_TR50              N_B_0008            
  SC_B_0037                  1.47    103.29     30.00   13.5910 RG_TR50              N_B_0012            
  SC_B_0038                  1.95    137.69     30.00    6.5810 RG_TR50              N_B_0007            
  SC_B_0039                  3.56     85.82     30.00    7.6280 RG_TR50              N_B_0005            
  SC_B_0040                  1.89    114.24     30.00    3.2380 RG_TR50              N_B_0009            
  SC_B_0041                  0.14     33.88     30.00    7.3800 RG_TR50              N_B_0006            
  SC_B_0042                  2.17     81.03     30.00    5.7700 RG_TR50              N_B_0041            
  SC_B_0043                  0.27     36.07     30.00    6.0170 RG_TR50              N_B_0041            
  SC_B_0044                  0.42     52.96     30.00    8.5480 RG_TR50              N_B_0004            
  SC_B_0045                  1.02     89.50     30.00    7.6600 RG_TR50              N_B_0002            
  SC_B_0046                  0.49     64.03     30.00    2.9000 RG_TR50              N_B_0001            
  
  
  ************
  Node Summary
  ************
                                           Invert      Max.    Ponded    External
  Name                 Type                 Elev.     Depth      Area    Inflow  
  -------------------------------------------------------------------------------
  N_B_0001             JUNCTION            121.69     10.00       0.0
  N_B_0002             JUNCTION            117.58     10.00       0.0
  N_B_0003             JUNCTION            112.59     10.00       0.0
  N_B_0004             JUNCTION            117.33     10.00       0.0
  N_B_0005             JUNCTION            115.80     10.00       0.0
  N_B_0006             JUNCTION            121.74     10.00       0.0
  N_B_0007             JUNCTION            119.14     10.00       0.0
  N_B_0008             JUNCTION            109.52     10.00       0.0
  N_B_0009             JUNCTION            116.99     10.00       0.0
  N_B_0010             JUNCTION             98.53     10.00       0.0
  N_B_0011             JUNCTION             62.82     10.00       0.0
  N_B_0012             JUNCTION            110.01     10.00       0.0
  N_B_0013             JUNCTION            107.86     10.00       0.0
  N_B_0014             JUNCTION             58.92     10.00       0.0
  N_B_0015             JUNCTION            105.38     10.00       0.0
  N_B_0016             JUNCTION             55.19     10.00       0.0
  N_B_0017             JUNCTION            100.97     10.00       0.0
  N_B_0018             JUNCTION             52.56     10.00       0.0
  N_B_0019             JUNCTION             92.29     10.00       0.0
  N_B_0020             JUNCTION             70.56     10.00       0.0
  N_B_0021             JUNCTION             57.64     10.00       0.0
  N_B_0022             JUNCTION             49.90     10.00       0.0
  N_B_0023             JUNCTION             84.95     10.00       0.0
  N_B_0024             JUNCTION             72.57     10.00       0.0
  N_B_0025             JUNCTION             61.72     10.00       0.0
  N_B_0026             JUNCTION             50.77     10.00       0.0
  N_B_0027             JUNCTION             55.40     10.00       0.0
  N_B_0028             JUNCTION             49.73     10.00       0.0
  N_B_0029             JUNCTION             53.56     10.00       0.0
  N_B_0031             JUNCTION             49.03     10.00       0.0
  N_B_0032             JUNCTION             47.65     10.00       0.0
  N_B_0033             JUNCTION             51.97     10.00       0.0
  N_B_0034             JUNCTION             36.72     10.00       0.0
  N_B_0035             JUNCTION             54.97     10.00       0.0
  N_B_0036             JUNCTION             37.28     10.00       0.0
  N_B_0037             JUNCTION             60.71     10.00       0.0
  N_B_0038             JUNCTION             38.50     10.00       0.0
  N_B_0039             JUNCTION             48.64     10.00       0.0
  N_B_0040             JUNCTION             32.93     10.00       0.0
  N_B_0041             JUNCTION            118.57     10.00       0.0
  N_B_0042             JUNCTION             42.80     10.00       0.0
  N_B_0043             JUNCTION             40.78     10.00       0.0
  N_B_0044             JUNCTION             31.09     10.00       0.0
  N_B_0045             JUNCTION             56.94     10.00       0.0
  N_B_C0030            JUNCTION             45.30     10.00       0.0
  N_B_0030             OUTFALL              45.24      0.80       0.0
  O_B_DISS_01          OUTFALL              40.78      1.20       0.0
  O_B_DISS_02          OUTFALL              27.96      1.20       0.0
  
  
  ************
  Link Summary
  ************
  Name             From Node        To Node          Type            Length    %Slope Roughness
  ---------------------------------------------------------------------------------------------
  L_B_0001         N_B_0001         N_B_0002         CONDUIT          108.0    3.8029    0.0130
  L_B_0002         N_B_0002         N_B_0003         CONDUIT          108.0    4.6305    0.0130
  L_B_0003         N_B_0004         N_B_0005         CONDUIT           66.0    2.3228    0.0130
  L_B_0004         N_B_0006         N_B_0002         CONDUIT          163.6    2.5402    0.0130
  L_B_0005         N_B_0002         N_B_0004         CONDUIT           14.7    1.7183    0.0130
  L_B_0006         N_B_0007         N_B_0008         CONDUIT          281.7    3.4180    0.0130
  L_B_0007         N_B_0009         N_B_0010         CONDUIT          388.5    4.7570    0.0130
  L_B_0008         N_B_0010         N_B_0011         CONDUIT          427.2    8.3888    0.0130
  L_B_0009         N_B_0012         N_B_0010         CONDUIT          307.7    3.7331    0.0130
  L_B_0010         N_B_0013         N_B_0014         CONDUIT          702.5    6.9838    0.0130
  L_B_0011         N_B_0015         N_B_0016         CONDUIT          667.6    7.5390    0.0130
  L_B_0012         N_B_0017         N_B_0018         CONDUIT          595.5    8.1573    0.0130
  L_B_0013         N_B_0019         N_B_0020         CONDUIT          204.9   10.6670    0.0130
  L_B_0014         N_B_0020         N_B_0021         CONDUIT          153.2    8.4622    0.0130
  L_B_0015         N_B_0021         N_B_0022         CONDUIT          180.7    4.2876    0.0130
  L_B_0016         N_B_0023         N_B_0020         CONDUIT          193.2    7.4669    0.0130
  L_B_0017         N_B_0024         N_B_0021         CONDUIT          287.5    5.2007    0.0130
  L_B_0018         N_B_0025         N_B_0026         CONDUIT          204.1    5.3729    0.0130
  L_B_0019         N_B_0027         N_B_0028         CONDUIT          139.5    4.0743    0.0130
  L_B_0020         N_B_0029         N_B_C0030        CONDUIT          112.5    7.3686    0.0130
  L_B_0021         N_B_0031         N_B_0032         CONDUIT          103.0    1.3438    0.0130
  L_B_0022         N_B_0033         N_B_0034         CONDUIT          314.2    4.8587    0.0130
  L_B_0023         N_B_0035         N_B_0036         CONDUIT          284.6    6.2310    0.0130
  L_B_0024         N_B_0037         N_B_0038         CONDUIT          267.2    8.3383    0.0130
  L_B_0025         N_B_0039         N_B_0040         CONDUIT          337.2    4.6641    0.0130
  L_B_0026         N_B_0041         N_B_0005         CONDUIT           51.8    5.3579    0.0130
  L_B_0027         N_B_0005         N_B_0003         CONDUIT           60.3    5.3323    0.0130
  L_B_0028         N_B_0003         N_B_0008         CONDUIT           73.5    4.1748    0.0130
  L_B_0029         N_B_0008         N_B_0011         CONDUIT          602.9    7.7691    0.0130
  L_B_0030         N_B_0011         N_B_0014         CONDUIT           75.5    5.1814    0.0130
  L_B_0031         N_B_0014         N_B_0016         CONDUIT           78.8    4.7379    0.0130
  L_B_0032         N_B_0016         N_B_0018         CONDUIT           75.6    3.4808    0.0130
  L_B_0033         N_B_0018         N_B_0022         CONDUIT           69.6    3.8316    0.0130
  L_B_0034         N_B_0022         N_B_0042         CONDUIT          154.3    4.6070    0.0130
  L_B_0035         N_B_0042         N_B_0043         CONDUIT           58.1    3.4667    0.0130
  L_B_0036         N_B_0038         N_B_0036         CONDUIT          114.5    1.0709    0.0130
  L_B_0037         N_B_0036         N_B_0034         CONDUIT          133.1    0.4186    0.0130
  L_B_0038         N_B_0034         N_B_0040         CONDUIT          127.7    2.9671    0.0130
  L_B_0039         N_B_0040         N_B_0044         CONDUIT           39.5    4.6637    0.0130
  L_B_0040         N_B_0045         N_B_0026         CONDUIT           68.0    9.1167    0.0130
  L_B_0041         N_B_0026         N_B_0028         CONDUIT           78.7    1.3310    0.0130
  L_B_0042         N_B_0028         N_B_C0030        CONDUIT           79.0    5.6171    0.0130
  L_B_0043         N_B_0032         N_B_C0030        CONDUIT           26.6    8.8850    0.0130
  L_B_0044         N_B_0032         N_B_0042         CONDUIT           61.2    7.9544    0.0130
  D_B_01           N_B_0043         O_B_DISS_01      CONDUIT           47.4    0.0006    0.0130
  D_B_02           N_B_0044         O_B_DISS_02      CONDUIT           52.3    6.0049    0.0130
  L_B_C0030        N_B_C0030        N_B_0030         CONDUIT           10.0    0.5000    0.0130
  
  
  *********************
  Cross Section Summary
  *********************
                                        Full     Full     Hyd.     Max.   No. of     Full
  Conduit          Shape               Depth     Area     Rad.    Width  Barrels     Flow
  ---------------------------------------------------------------------------------------
  L_B_0001         CIRCULAR             0.60     0.28     0.15     0.60        1     1.20
  L_B_0002         CIRCULAR             0.60     0.28     0.15     0.60        1     1.32
  L_B_0003         CIRCULAR             0.60     0.28     0.15     0.60        1     0.94
  L_B_0004         CIRCULAR             0.60     0.28     0.15     0.60        1     0.98
  L_B_0005         CIRCULAR             0.60     0.28     0.15     0.60        1     0.80
  L_B_0006         CIRCULAR             0.60     0.28     0.15     0.60        1     1.14
  L_B_0007         CIRCULAR             0.60     0.28     0.15     0.60        1     1.34
  L_B_0008         CIRCULAR             0.60     0.28     0.15     0.60        1     1.78
  L_B_0009         CIRCULAR             0.60     0.28     0.15     0.60        1     1.19
  L_B_0010         CIRCULAR             0.60     0.28     0.15     0.60        1     1.62
  L_B_0011         CIRCULAR             0.60     0.28     0.15     0.60        1     1.69
  L_B_0012         CIRCULAR             0.60     0.28     0.15     0.60        1     1.75
  L_B_0013         CIRCULAR             0.60     0.28     0.15     0.60        1     2.01
  L_B_0014         CIRCULAR             0.60     0.28     0.15     0.60        1     1.79
  L_B_0015         CIRCULAR             0.60     0.28     0.15     0.60        1     1.27
  L_B_0016         CIRCULAR             0.60     0.28     0.15     0.60        1     1.68
  L_B_0017         CIRCULAR             0.60     0.28     0.15     0.60        1     1.40
  L_B_0018         CIRCULAR             0.60     0.28     0.15     0.60        1     1.42
  L_B_0019         CIRCULAR             0.60     0.28     0.15     0.60        1     1.24
  L_B_0020         CIRCULAR             0.60     0.28     0.15     0.60        1     1.67
  L_B_0021         CIRCULAR             0.60     0.28     0.15     0.60        1     0.71
  L_B_0022         CIRCULAR             0.60     0.28     0.15     0.60        1     1.35
  L_B_0023         CIRCULAR             0.60     0.28     0.15     0.60        1     1.53
  L_B_0024         CIRCULAR             0.60     0.28     0.15     0.60        1     1.77
  L_B_0025         CIRCULAR             0.60     0.28     0.15     0.60        1     1.33
  L_B_0026         CIRCULAR             0.80     0.50     0.20     0.80        1     3.06
  L_B_0027         CIRCULAR             0.80     0.50     0.20     0.80        1     3.05
  L_B_0028         CIRCULAR             0.80     0.50     0.20     0.80        1     2.70
  L_B_0029         CIRCULAR             0.80     0.50     0.20     0.80        1     3.69
  L_B_0030         CIRCULAR             0.80     0.50     0.20     0.80        1     3.01
  L_B_0031         CIRCULAR             0.80     0.50     0.20     0.80        1     2.88
  L_B_0032         CIRCULAR             0.80     0.50     0.20     0.80        1     2.47
  L_B_0033         CIRCULAR             0.80     0.50     0.20     0.80        1     2.59
  L_B_0034         CIRCULAR             0.80     0.50     0.20     0.80        1     2.84
  L_B_0035         CIRCULAR             0.80     0.50     0.20     0.80        1     2.46
  L_B_0036         CIRCULAR             0.80     0.50     0.20     0.80        1     1.37
  L_B_0037         CIRCULAR             0.80     0.50     0.20     0.80        1     0.86
  L_B_0038         CIRCULAR             0.80     0.50     0.20     0.80        1     2.28
  L_B_0039         CIRCULAR             0.80     0.50     0.20     0.80        1     2.86
  L_B_0040         CIRCULAR             0.80     0.50     0.20     0.80        1     3.99
  L_B_0041         CIRCULAR             0.80     0.50     0.20     0.80        1     1.53
  L_B_0042         CIRCULAR             0.80     0.50     0.20     0.80        1     3.13
  L_B_0043         CIRCULAR             0.80     0.50     0.20     0.80        1     3.94
  L_B_0044         CIRCULAR             0.80     0.50     0.20     0.80        1     3.73
  D_B_01           CIRCULAR             1.20     1.13     0.30     1.20        1     0.10
  D_B_02           CIRCULAR             1.20     1.13     0.30     1.20        1     9.56
  L_B_C0030        CIRCULAR             0.80     0.50     0.20     0.80        1     0.94
  
  
  ****************
  Analysis Options
  ****************
  Flow Units ............... CMS
  Process Models:
    Rainfall/Runoff ........ YES
    RDII ................... NO
    Snowmelt ............... NO
    Groundwater ............ NO
    Flow Routing ........... YES
    Ponding Allowed ........ YES
    Water Quality .......... NO
  Infiltration Method ...... CURVE_NUMBER
  Flow Routing Method ...... DYNWAVE
  Surcharge Method ......... EXTRAN
  Starting Date ............ 01/01/2026 00:00:00
  Ending Date .............. 01/01/2026 06:00:00
  Antecedent Dry Days ...... 0.0
  Report Time Step ......... 00:01:00
  Wet Time Step ............ 00:01:00
  Dry Time Step ............ 01:00:00
  Routing Time Step ........ 20.00 sec
  Variable Time Step ....... YES
  Maximum Trials ........... 20
  Number of Threads ........ 4
  Head Tolerance ........... 0.000500 m
  
  
  **************************        Volume         Depth
  Runoff Quantity Continuity     hectare-m            mm
  **************************     ---------       -------
  Total Precipitation ......        17.251       116.234
  Evaporation Loss .........         0.000         0.000
  Infiltration Loss ........         5.827        39.265
  Surface Runoff ...........        11.244        75.760
  Final Storage ............         0.182         1.225
  Continuity Error (%) .....        -0.013
  
  
  **************************        Volume        Volume
  Flow Routing Continuity        hectare-m      10^6 ltr
  **************************     ---------     ---------
  Dry Weather Inflow .......         0.000         0.000
  Wet Weather Inflow .......        11.243       112.435
  Groundwater Inflow .......         0.000         0.000
  RDII Inflow ..............         0.000         0.000
  External Inflow ..........         0.000         0.000
  External Outflow .........         7.117        71.175
  Flooding Loss ............         4.127        41.271
  Evaporation Loss .........         0.000         0.000
  Exfiltration Loss ........         0.000         0.000
  Initial Stored Volume ....         0.000         0.000
  Final Stored Volume ......         0.000         0.003
  Continuity Error (%) .....        -0.012
  
  
  ***************************
  Time-Step Critical Elements
  ***************************
  Link L_B_C0030 (66.80%)
  Link L_B_0039 (31.84%)
  
  
  ********************************
  Highest Flow Instability Indexes
  ********************************
  Link L_B_0035 (10)
  Link L_B_0005 (7)
  Link L_B_0044 (3)
  Link L_B_0034 (2)
  Link L_B_0038 (1)
  
  
  *********************************
  Most Frequent Nonconverging Nodes
  *********************************
  Node N_B_0030 (7.48%)
  Node O_B_DISS_01 (7.48%)
  Node O_B_DISS_02 (7.48%)
  Node N_B_0022 (2.16%)
  Node N_B_0018 (2.03%)
  
  
  *************************
  Routing Time Step Summary
  *************************
  Minimum Time Step           :     0.01 sec
  Average Time Step           :     2.48 sec
  Maximum Time Step           :    20.00 sec
  % of Time in Steady State   :     0.00
  Average Iterations per Step :     7.14
  % of Steps Not Converging   :     7.48
  Time Step Frequencies       :
     20.000 -  9.564 sec      :     3.76 %
      9.564 -  4.573 sec      :     8.52 %
      4.573 -  2.187 sec      :    16.17 %
      2.187 -  1.046 sec      :    49.76 %
      1.046 -  0.500 sec      :    21.79 %
  
  
  ***************************
  Subcatchment Runoff Summary
  ***************************
  
  ------------------------------------------------------------------------------------------------------------------------------
                            Total      Total      Total      Total     Imperv       Perv      Total       Total     Peak  Runoff
                           Precip      Runon       Evap      Infil     Runoff     Runoff     Runoff      Runoff   Runoff   Coeff
  Subcatchment                 mm         mm         mm         mm         mm         mm         mm    10^6 ltr      CMS
  ------------------------------------------------------------------------------------------------------------------------------
  SC_B_0001                116.23       0.00       0.00      37.57      34.54      42.91      77.46        6.72     2.83   0.666
  SC_B_0002                116.23       0.00       0.00      38.00      34.54      42.49      77.04        4.71     1.88   0.663
  SC_B_0003                116.23       0.00       0.00      38.43      34.54      42.09      76.63        4.54     1.73   0.659
  SC_B_0004                116.23       0.00       0.00      37.27      34.54      43.21      77.76        2.07     0.90   0.669
  SC_B_0005                116.23       0.00       0.00      39.58      34.54      40.91      75.45        5.04     1.72   0.649
  SC_B_0006                116.23       0.00       0.00      37.87      34.54      42.64      77.19        2.95     1.20   0.664
  SC_B_0007                116.23       0.00       0.00      42.62      34.52      37.81      72.33       19.14     5.44   0.622
  SC_B_0008                116.23       0.00       0.00      36.63      34.55      43.86      78.41        0.32     0.15   0.675
  SC_B_0009                116.23       0.00       0.00      35.90      34.55      44.61      79.16        0.37     0.19   0.681
  SC_B_0010                116.23       0.00       0.00      37.32      34.54      43.17      77.72        0.67     0.29   0.669
  SC_B_0011                116.23       0.00       0.00      36.97      34.55      43.54      78.08        0.37     0.17   0.672
  SC_B_0012                116.23       0.00       0.00      36.38      34.55      44.14      78.69        0.72     0.36   0.677
  SC_B_0013                116.23       0.00       0.00      38.69      34.54      41.83      76.37        1.34     0.50   0.657
  SC_B_0014                116.23       0.00       0.00      36.46      34.55      44.03      78.58        0.51     0.25   0.676
  SC_B_0015                116.23       0.00       0.00      37.27      34.54      43.23      77.77        0.70     0.30   0.669
  SC_B_0016                116.23       0.00       0.00      36.76      34.55      43.77      78.31        0.92     0.43   0.674
  SC_B_0017                116.23       0.00       0.00      37.19      34.55      43.30      77.85        0.96     0.42   0.670
  SC_B_0018                116.23       0.00       0.00      37.53      34.54      42.96      77.50        0.79     0.33   0.667
  SC_B_0019                116.23       0.00       0.00      36.42      34.55      44.09      78.64        0.85     0.42   0.677
  SC_B_0020                116.23       0.00       0.00      37.19      34.55      43.32      77.86        1.03     0.46   0.670
  SC_B_0021                116.23       0.00       0.00      37.23      34.55      43.27      77.81        0.78     0.34   0.669
  SC_B_0022                116.23       0.00       0.00      37.02      34.55      43.49      78.03        1.02     0.46   0.671
  SC_B_0023                116.23       0.00       0.00      37.15      34.55      43.38      77.92        2.15     0.96   0.670
  SC_B_0024                116.23       0.00       0.00      36.33      34.55      44.17      78.72        0.56     0.28   0.677
  SC_B_0025                116.23       0.00       0.00      37.45      34.54      43.06      77.60        3.18     1.36   0.668
  SC_B_0026                116.23       0.00       0.00      37.79      34.54      42.72      77.27        1.52     0.62   0.665
  SC_B_0027                116.23       0.00       0.00      36.29      34.55      44.23      78.78        0.47     0.23   0.678
  SC_B_0028                116.23       0.00       0.00      37.87      34.54      42.64      77.18        5.92     2.41   0.664
  SC_B_0029                116.23       0.00       0.00      40.91      34.53      39.58      74.11       17.40     5.40   0.638
  SC_B_0030                116.23       0.00       0.00      36.63      34.55      43.85      78.40        0.81     0.39   0.675
  SC_B_0031                116.23       0.00       0.00      36.08      34.55      44.43      78.98        0.59     0.30   0.680
  SC_B_0032                116.23       0.00       0.00      38.73      34.54      41.76      76.30        6.93     2.55   0.656
  SC_B_0033                116.23       0.00       0.00      37.23      34.55      43.28      77.83        1.18     0.52   0.670
  SC_B_0034                116.23       0.00       0.00      36.55      34.55      43.97      78.52        0.68     0.33   0.676
  SC_B_0035                116.23       0.00       0.00      36.63      34.55      43.85      78.40        1.16     0.56   0.675
  SC_B_0036                116.23       0.00       0.00      39.20      34.54      41.29      75.83        3.12     1.10   0.652
  SC_B_0037                116.23       0.00       0.00      37.10      34.55      43.41      77.95        1.14     0.51   0.671
  SC_B_0038                116.23       0.00       0.00      37.66      34.54      42.86      77.41        1.51     0.63   0.666
  SC_B_0039                116.23       0.00       0.00      39.97      34.54      40.52      75.05        2.67     0.88   0.646
  SC_B_0040                116.23       0.00       0.00      38.64      34.54      41.85      76.39        1.45     0.54   0.657
  SC_B_0041                116.23       0.00       0.00      36.20      34.55      44.31      78.86        0.11     0.06   0.678
  SC_B_0042                116.23       0.00       0.00      39.11      34.54      41.37      75.91        1.65     0.58   0.653
  SC_B_0043                116.23       0.00       0.00      36.80      34.55      43.70      78.24        0.21     0.10   0.673
  SC_B_0044                116.23       0.00       0.00      36.67      34.55      43.83      78.37        0.33     0.16   0.674
  SC_B_0045                116.23       0.00       0.00      37.19      34.55      43.31      77.85        0.80     0.35   0.670
  SC_B_0046                116.23       0.00       0.00      37.32      34.54      43.20      77.74        0.38     0.17   0.669
  
  
  ******************
  Node Depth Summary
  ******************
  
  ---------------------------------------------------------------------------------
                                 Average  Maximum  Maximum  Time of Max    Reported
                                   Depth    Depth      HGL   Occurrence   Max Depth
  Node                 Type       Meters   Meters   Meters  days hr:min      Meters
  ---------------------------------------------------------------------------------
  N_B_0001             JUNCTION     0.25    10.00   131.69     0  01:01        2.17
  N_B_0002             JUNCTION     0.99    10.00   127.58     0  01:00        6.16
  N_B_0003             JUNCTION     2.11    10.00   122.59     0  01:00       10.00
  N_B_0004             JUNCTION     1.05    10.00   127.33     0  01:00        6.42
  N_B_0005             JUNCTION     1.43     9.81   125.61     0  01:00        7.91
  N_B_0006             JUNCTION     0.22    10.00   131.74     0  01:01        2.03
  N_B_0007             JUNCTION     0.34    10.00   129.14     0  01:01        3.70
  N_B_0008             JUNCTION     2.13    10.00   119.52     0  00:59       10.00
  N_B_0009             JUNCTION     0.11     0.28   117.27     0  01:05        0.27
  N_B_0010             JUNCTION     1.82    10.00   108.53     0  00:58       10.00
  N_B_0011             JUNCTION     5.18    10.00    72.82     0  00:45       10.00
  N_B_0012             JUNCTION     0.11     0.44   110.45     0  01:05        0.44
  N_B_0013             JUNCTION     0.09     0.24   108.10     0  01:05        0.24
  N_B_0014             JUNCTION     5.24    10.00    68.92     0  00:45       10.00
  N_B_0015             JUNCTION     0.06     0.18   105.55     0  01:05        0.18
  N_B_0016             JUNCTION     5.30    10.00    65.19     0  00:45       10.00
  N_B_0017             JUNCTION     0.08     0.22   101.19     0  01:05        0.22
  N_B_0018             JUNCTION     5.20    10.00    62.56     0  00:48       10.00
  N_B_0019             JUNCTION     0.05     0.16    92.45     0  01:05        0.16
  N_B_0020             JUNCTION     0.70    10.00    80.56     0  00:58       10.00
  N_B_0021             JUNCTION     3.54    10.00    67.64     0  00:48       10.00
  N_B_0022             JUNCTION     5.09    10.00    59.90     0  00:48       10.00
  N_B_0023             JUNCTION     0.05     0.15    85.10     0  01:05        0.15
  N_B_0024             JUNCTION     0.06     0.17    72.74     0  01:05        0.17
  N_B_0025             JUNCTION     0.08     0.22    61.94     0  01:05        0.22
  N_B_0026             JUNCTION     0.17     0.51    51.28     0  01:05        0.51
  N_B_0027             JUNCTION     0.08     0.20    55.60     0  01:05        0.20
  N_B_0028             JUNCTION     0.15     0.43    50.15     0  01:05        0.43
  N_B_0029             JUNCTION     0.05     0.13    53.69     0  01:05        0.13
  N_B_0031             JUNCTION     0.96     8.43    57.47     0  01:05        8.43
  N_B_0032             JUNCTION     0.13     0.42    48.07     0  01:05        0.41
  N_B_0033             JUNCTION     0.09     0.24    52.21     0  01:05        0.24
  N_B_0034             JUNCTION     3.17     9.63    46.35     0  01:05        9.63
  N_B_0035             JUNCTION     0.08     0.23    55.20     0  01:05        0.23
  N_B_0036             JUNCTION     4.96    10.00    47.28     0  00:55       10.00
  N_B_0037             JUNCTION     0.07     0.19    60.90     0  01:05        0.19
  N_B_0038             JUNCTION     5.04    10.00    48.50     0  00:48       10.00
  N_B_0039             JUNCTION     0.11     0.25    48.89     0  01:05        0.25
  N_B_0040             JUNCTION     1.29     4.42    37.36     0  01:05        4.42
  N_B_0041             JUNCTION     0.84    10.00   128.57     0  01:00        5.31
  N_B_0042             JUNCTION     2.76     5.27    48.07     0  01:05        5.27
  N_B_0043             JUNCTION     1.16     1.98    42.77     0  01:05        1.98
  N_B_0044             JUNCTION     0.42     0.82    31.91     0  01:05        0.82
  N_B_0045             JUNCTION     0.05     0.14    57.09     0  01:05        0.14
  N_B_C0030            JUNCTION     0.45     1.57    46.87     0  01:05        1.56
  N_B_0030             OUTFALL      0.39     0.80    46.04     0  00:57        0.80
  O_B_DISS_01          OUTFALL      0.79     1.14    41.93     0  01:05        1.14
  O_B_DISS_02          OUTFALL      0.42     0.82    28.78     0  01:05        0.82
  
  
  *******************
  Node Inflow Summary
  *******************
  
  -------------------------------------------------------------------------------------------------
                                  Maximum  Maximum                  Lateral       Total        Flow
                                  Lateral    Total  Time of Max      Inflow      Inflow     Balance
                                   Inflow   Inflow   Occurrence      Volume      Volume       Error
  Node                 Type           CMS      CMS  days hr:min    10^6 ltr    10^6 ltr     Percent
  -------------------------------------------------------------------------------------------------
  N_B_0001             JUNCTION     0.166    0.427     0  01:01       0.379       0.386      -0.215
  N_B_0002             JUNCTION     0.354    1.175     0  01:00       0.798        1.42      -0.086
  N_B_0003             JUNCTION     2.549    4.850     0  01:05        6.93        13.1       0.001
  N_B_0004             JUNCTION     0.156    0.560     0  00:59       0.328       0.614      -0.058
  N_B_0005             JUNCTION     0.883    1.701     0  01:05        2.67        5.05       0.006
  N_B_0006             JUNCTION     0.057    0.447     0  01:01       0.114        0.13      -0.704
  N_B_0007             JUNCTION     0.632    0.632     0  01:05        1.51        1.51      -0.085
  N_B_0008             JUNCTION     1.098    4.431     0  01:05        3.12        16.4      -0.018
  N_B_0009             JUNCTION     0.537    0.537     0  01:05        1.45        1.45       0.013
  N_B_0010             JUNCTION     2.406    3.402     0  01:05        5.92        8.51      -0.019
  N_B_0011             JUNCTION     5.396   10.852     0  01:05        17.4        40.7       0.005
  N_B_0012             JUNCTION     0.513    0.513     0  01:05        1.14        1.14      -0.035
  N_B_0013             JUNCTION     0.555    0.555     0  01:05        1.16        1.16      -0.201
  N_B_0014             JUNCTION     0.624    4.170     0  01:05        1.52        24.3       0.009
  N_B_0015             JUNCTION     0.328    0.328     0  01:05       0.678       0.678      -0.287
  N_B_0016             JUNCTION     0.464    3.658     0  01:05        1.02          23       0.007
  N_B_0017             JUNCTION     0.522    0.522     0  01:05        1.18        1.18      -0.186
  N_B_0018             JUNCTION     0.342    3.316     0  01:05       0.777          22       0.007
  N_B_0019             JUNCTION     0.303    0.303     0  01:05       0.592       0.592      -0.047
  N_B_0020             JUNCTION     1.364    1.898     0  01:05        3.18        4.25      -0.013
  N_B_0021             JUNCTION     0.961    2.991     0  01:05        2.15         6.9      -0.017
  N_B_0022             JUNCTION     0.332    4.191     0  01:05       0.786        27.2       0.002
  N_B_0023             JUNCTION     0.235    0.235     0  01:05       0.469       0.469      -0.042
  N_B_0024             JUNCTION     0.251    0.251     0  01:05       0.514       0.514      -0.093
  N_B_0025             JUNCTION     0.418    0.418     0  01:05       0.848       0.848      -0.018
  N_B_0026             JUNCTION     0.432    1.123     0  01:05       0.917        2.32       0.010
  N_B_0027             JUNCTION     0.305    0.305     0  01:05       0.695       0.695       0.002
  N_B_0028             JUNCTION     0.359    1.761     0  01:05       0.725        3.74      -0.005
  N_B_0029             JUNCTION     0.169    0.169     0  01:05        0.37        0.37      -0.022
  N_B_0031             JUNCTION     1.730    1.730     0  01:05        4.54        4.54      -0.000
  N_B_0032             JUNCTION     0.293    2.022     0  01:05       0.672        5.21      -0.006
  N_B_0033             JUNCTION     0.424    0.424     0  01:05       0.957       0.957      -0.112
  N_B_0034             JUNCTION     1.880    3.494     0  01:05        4.71        21.7       0.003
  N_B_0035             JUNCTION     0.456    0.456     0  01:05        1.03        1.03      -0.101
  N_B_0036             JUNCTION     1.715    3.530     0  01:05        5.04        18.2       0.008
  N_B_0037             JUNCTION     0.389    0.389     0  01:05       0.815       0.815      -0.102
  N_B_0038             JUNCTION     5.436    5.820     0  01:05        19.1          20       0.003
  N_B_0039             JUNCTION     0.495    0.495     0  01:05        1.34        1.34      -0.070
  N_B_0040             JUNCTION     0.904    4.882     0  01:05        2.07        25.1       0.003
  N_B_0041             JUNCTION     0.683    1.150     0  01:00        1.86        1.86      -0.031
  N_B_0042             JUNCTION     0.191    4.006     0  00:57       0.367        28.2       0.001
  N_B_0043             JUNCTION     1.201    5.199     0  01:05        2.95        31.2       0.001
  N_B_0044             JUNCTION     2.826    7.708     0  01:05        6.72        31.8       0.001
  N_B_0045             JUNCTION     0.278    0.278     0  01:05       0.559       0.559      -0.007
  N_B_C0030            JUNCTION     0.000    3.784     0  01:05           0        7.86       0.003
  N_B_0030             OUTFALL      0.153    3.933     0  01:05        0.32        8.18       0.000
  O_B_DISS_01          OUTFALL      0.000    5.199     0  01:05           0        31.2       0.000
  O_B_DISS_02          OUTFALL      0.000    7.705     0  01:05           0        31.8       0.000
  
  
  **********************
  Node Surcharge Summary
  **********************
  
  Surcharging occurs when water rises above the top of the highest conduit.
  ---------------------------------------------------------------------
                                               Max. Height   Min. Depth
                                   Hours       Above Crown    Below Rim
  Node                 Type      Surcharged         Meters       Meters
  ---------------------------------------------------------------------
  N_B_0001             JUNCTION        0.39          9.400        0.000
  N_B_0002             JUNCTION        0.48          9.400        0.000
  N_B_0003             JUNCTION        0.56          9.200        0.000
  N_B_0004             JUNCTION        0.51          9.400        0.000
  N_B_0005             JUNCTION        0.53          9.013        0.187
  N_B_0006             JUNCTION        0.38          9.400        0.000
  N_B_0007             JUNCTION        0.38          9.400        0.000
  N_B_0008             JUNCTION        0.57          9.200        0.000
  N_B_0010             JUNCTION        0.51          9.400        0.000
  N_B_0011             JUNCTION        1.38          9.200        0.000
  N_B_0014             JUNCTION        1.47          9.200        0.000
  N_B_0016             JUNCTION        1.52          9.200        0.000
  N_B_0018             JUNCTION        1.54          9.200        0.000
  N_B_0020             JUNCTION        0.38          9.400        0.000
  N_B_0021             JUNCTION        1.24          9.400        0.000
  N_B_0022             JUNCTION        1.59          9.200        0.000
  N_B_0031             JUNCTION        0.68          7.834        1.566
  N_B_0034             JUNCTION        1.29          8.834        0.366
  N_B_0036             JUNCTION        1.83          9.200        0.000
  N_B_0038             JUNCTION        1.59          9.200        0.000
  N_B_0040             JUNCTION        1.21          3.624        5.576
  N_B_0041             JUNCTION        0.46          9.200        0.000
  N_B_0042             JUNCTION        1.71          4.474        4.726
  N_B_0043             JUNCTION        1.56          0.782        8.018
  N_B_C0030            JUNCTION        0.50          0.771        8.429
  
  
  *********************
  Node Flooding Summary
  *********************
  
  Flooding refers to all water that overflows a node, whether it ponds or not.
  --------------------------------------------------------------------------
                                                             Total   Maximum
                                 Maximum   Time of Max       Flood    Ponded
                        Hours       Rate    Occurrence      Volume     Depth
  Node                 Flooded       CMS   days hr:min    10^6 ltr    Meters
  --------------------------------------------------------------------------
  N_B_0001                0.01     0.305      0  01:01       0.000     0.000
  N_B_0002                0.01     0.941      0  01:00       0.001     0.000
  N_B_0003                0.38     2.147      0  01:05       1.326     0.000
  N_B_0004                0.01     0.061      0  01:00       0.000     0.000
  N_B_0006                0.01     0.363      0  01:01       0.001     0.000
  N_B_0007                0.01     0.337      0  01:01       0.001     0.000
  N_B_0008                0.37     0.750      0  01:05       0.444     0.000
  N_B_0010                0.42     1.626      0  01:05       1.147     0.000
  N_B_0011                1.31     7.843      0  01:05      19.076     0.000
  N_B_0014                1.33     1.292      0  01:05       2.978     0.000
  N_B_0016                1.29     1.191      0  01:05       3.025     0.000
  N_B_0018                0.82     0.728      0  01:05       1.007     0.000
  N_B_0020                0.03     0.137      0  00:58       0.007     0.000
  N_B_0021                0.52     1.720      0  01:05       1.416     0.000
  N_B_0022                0.71     0.527      0  01:05       0.846     0.000
  N_B_0036                0.63     2.320      0  01:05       2.133     0.000
  N_B_0038                1.18     4.451      0  01:05       7.860     0.000
  N_B_0041                0.01     0.928      0  01:00       0.002     0.000
  
  
  ***********************
  Outfall Loading Summary
  ***********************
  
  -----------------------------------------------------------
                         Flow       Avg       Max       Total
                         Freq      Flow      Flow      Volume
  Outfall Node           Pcnt       CMS       CMS    10^6 ltr
  -----------------------------------------------------------
  N_B_0030              97.07     0.828     3.933       8.179
  O_B_DISS_01           99.92     2.843     5.199      31.180
  O_B_DISS_02           99.98     2.956     7.705      31.815
  -----------------------------------------------------------
  System                98.99     6.627    16.826      71.175
  
  
  ********************
  Link Flow Summary
  ********************
  
  -----------------------------------------------------------------------------
                                 Maximum  Time of Max   Maximum    Max/    Max/
                                  |Flow|   Occurrence   |Veloc|    Full    Full
  Link                 Type          CMS  days hr:min     m/sec    Flow   Depth
  -----------------------------------------------------------------------------
  L_B_0001             CONDUIT     0.292     0  01:01      2.01    0.24    1.00
  L_B_0002             CONDUIT     0.600     0  01:05      2.12    0.45    1.00
  L_B_0003             CONDUIT     0.429     0  01:00      1.88    0.46    1.00
  L_B_0004             CONDUIT     0.396     0  01:01      1.49    0.41    1.00
  L_B_0005             CONDUIT     0.540     0  01:00      2.28    0.67    1.00
  L_B_0006             CONDUIT     0.632     0  01:05      2.23    0.56    1.00
  L_B_0007             CONDUIT     0.524     0  01:05      2.37    0.39    0.73
  L_B_0008             CONDUIT     1.776     0  01:21      6.28    1.00    1.00
  L_B_0009             CONDUIT     0.487     0  01:05      1.87    0.41    0.87
  L_B_0010             CONDUIT     0.540     0  01:05      2.56    0.33    0.70
  L_B_0011             CONDUIT     0.318     0  01:05      1.64    0.19    0.65
  L_B_0012             CONDUIT     0.509     0  01:05      2.47    0.29    0.68
  L_B_0013             CONDUIT     0.301     0  01:05      1.67    0.15    0.63
  L_B_0014             CONDUIT     1.783     0  01:05      6.31    1.00    1.00
  L_B_0015             CONDUIT     1.271     0  01:22      4.49    1.00    1.00
  L_B_0016             CONDUIT     0.233     0  01:05      1.27    0.14    0.63
  L_B_0017             CONDUIT     0.247     0  01:05      1.29    0.18    0.64
  L_B_0018             CONDUIT     0.414     0  01:05      2.29    0.29    0.61
  L_B_0019             CONDUIT     0.302     0  01:05      2.01    0.24    0.52
  L_B_0020             CONDUIT     0.168     0  01:05      0.94    0.10    0.61
  L_B_0021             CONDUIT     1.730     0  01:05      6.78    2.43    0.85
  L_B_0022             CONDUIT     0.411     0  01:05      1.95    0.30    0.70
  L_B_0023             CONDUIT     0.450     0  01:05      2.17    0.29    0.69
  L_B_0024             CONDUIT     0.385     0  01:05      1.95    0.22    0.66
  L_B_0025             CONDUIT     0.487     0  01:05      2.27    0.37    0.71
  L_B_0026             CONDUIT     0.683     0  01:05      2.79    0.22    1.00
  L_B_0027             CONDUIT     1.701     0  01:05      3.38    0.56    1.00
  L_B_0028             CONDUIT     2.901     0  00:58      6.22    1.07    1.00
  L_B_0029             CONDUIT     3.681     0  01:20      7.32    1.00    1.00
  L_B_0030             CONDUIT     3.009     0  01:23      6.48    1.00    1.00
  L_B_0031             CONDUIT     2.921     0  02:05      5.95    1.01    1.00
  L_B_0032             CONDUIT     2.985     0  02:05      5.94    1.21    1.00
  L_B_0033             CONDUIT     3.125     0  00:46      6.22    1.21    1.00
  L_B_0034             CONDUIT     3.704     0  00:52      7.37    1.30    1.00
  L_B_0035             CONDUIT     4.005     0  00:57      7.97    1.63    1.00
  L_B_0036             CONDUIT     2.025     0  02:01      4.03    1.48    1.00
  L_B_0037             CONDUIT     2.556     0  02:01      5.08    2.99    1.00
  L_B_0038             CONDUIT     3.494     0  01:05      6.95    1.53    1.00
  L_B_0039             CONDUIT     4.882     0  01:05      9.71    1.71    1.00
  L_B_0040             CONDUIT     0.277     0  01:05      1.44    0.07    0.41
  L_B_0041             CONDUIT     1.109     0  01:05      3.64    0.73    0.59
  L_B_0042             CONDUIT     1.753     0  01:05      4.23    0.56    0.77
  L_B_0043             CONDUIT     1.865     0  01:05      4.55    0.47    0.76
  L_B_0044             CONDUIT     0.317     0  01:44      1.49    0.09    0.76
  D_B_01               CONDUIT     5.199     0  01:05      4.63   52.60    0.98
  D_B_02               CONDUIT     7.705     0  01:05      9.40    0.81    0.68
  L_B_C0030            CONDUIT     3.784     0  01:05      7.53    4.05    1.00
  
  
  ***************************
  Flow Classification Summary
  ***************************
  
  -------------------------------------------------------------------------------------
                      Adjusted    ---------- Fraction of Time in Flow Class ---------- 
                       /Actual         Up    Down  Sub   Sup   Up    Down  Norm  Inlet 
  Conduit               Length    Dry  Dry   Dry   Crit  Crit  Crit  Crit  Ltd   Ctrl  
  -------------------------------------------------------------------------------------
  L_B_0001                1.00   0.00  0.00  0.00  0.51  0.49  0.00  0.00  0.81  0.00
  L_B_0002                1.00   0.00  0.00  0.00  1.00  0.00  0.00  0.00  0.91  0.00
  L_B_0003                1.00   0.00  0.00  0.00  0.83  0.17  0.00  0.00  0.91  0.00
  L_B_0004                1.00   0.00  0.01  0.00  0.99  0.00  0.00  0.00  0.92  0.00
  L_B_0005                1.00   0.00  0.00  0.00  0.61  0.39  0.00  0.00  0.90  0.00
  L_B_0006                1.00   0.00  0.00  0.00  0.97  0.03  0.00  0.00  0.91  0.00
  L_B_0007                1.00   0.00  0.00  0.00  0.48  0.51  0.00  0.00  0.97  0.00
  L_B_0008                1.00   0.00  0.00  0.00  0.69  0.30  0.00  0.00  0.87  0.00
  L_B_0009                1.00   0.00  0.00  0.00  0.83  0.17  0.00  0.00  0.94  0.00
  L_B_0010                1.00   0.00  0.00  0.00  0.94  0.05  0.00  0.00  1.00  0.00
  L_B_0011                1.00   0.00  0.04  0.00  0.94  0.02  0.00  0.00  1.00  0.00
  L_B_0012                1.00   0.00  0.00  0.00  0.94  0.06  0.00  0.00  1.00  0.00
  L_B_0013                1.00   0.00  0.14  0.00  0.62  0.24  0.00  0.00  1.00  0.00
  L_B_0014                1.00   0.00  0.00  0.00  0.15  0.85  0.00  0.00  0.88  0.00
  L_B_0015                1.00   0.00  0.00  0.00  0.93  0.07  0.00  0.00  0.75  0.00
  L_B_0016                1.00   0.00  0.11  0.00  0.74  0.15  0.00  0.00  1.00  0.00
  L_B_0017                1.00   0.00  0.07  0.00  0.92  0.01  0.00  0.00  1.00  0.00
  L_B_0018                1.00   0.00  0.00  0.00  0.61  0.38  0.00  0.00  1.00  0.00
  L_B_0019                1.00   0.00  0.00  0.00  0.45  0.55  0.00  0.00  0.97  0.00
  L_B_0020                1.00   0.00  0.05  0.00  0.94  0.01  0.00  0.00  1.00  0.00
  L_B_0021                1.00   0.00  0.00  0.00  0.00  1.00  0.00  0.00  0.00  0.00
  L_B_0022                1.00   0.00  0.00  0.00  0.98  0.01  0.00  0.00  0.99  0.00
  L_B_0023                1.00   0.00  0.00  0.00  0.97  0.03  0.00  0.00  0.99  0.00
  L_B_0024                1.00   0.00  0.02  0.00  0.97  0.01  0.00  0.00  1.00  0.00
  L_B_0025                1.00   0.00  0.00  0.00  0.96  0.04  0.00  0.00  1.00  0.00
  L_B_0026                1.00   0.00  0.00  0.00  0.54  0.46  0.00  0.00  0.92  0.00
  L_B_0027                1.00   0.00  0.00  0.00  0.18  0.82  0.00  0.00  0.91  0.00
  L_B_0028                1.00   0.00  0.00  0.00  0.10  0.90  0.00  0.00  0.74  0.00
  L_B_0029                1.00   0.00  0.00  0.00  0.50  0.50  0.00  0.00  0.89  0.00
  L_B_0030                1.00   0.00  0.00  0.00  0.23  0.77  0.00  0.00  0.72  0.00
  L_B_0031                1.00   0.00  0.00  0.00  0.25  0.75  0.00  0.00  0.72  0.00
  L_B_0032                1.00   0.00  0.00  0.00  0.26  0.74  0.00  0.00  0.63  0.00
  L_B_0033                1.00   0.00  0.00  0.00  0.26  0.74  0.00  0.00  0.26  0.00
  L_B_0034                1.00   0.00  0.00  0.00  0.27  0.73  0.00  0.00  0.71  0.00
  L_B_0035                1.00   0.00  0.00  0.00  0.68  0.32  0.00  0.00  0.68  0.00
  L_B_0036                1.00   0.00  0.00  0.00  0.62  0.38  0.00  0.00  0.68  0.00
  L_B_0037                1.00   0.00  0.00  0.00  0.37  0.63  0.00  0.00  0.01  0.00
  L_B_0038                1.00   0.00  0.00  0.00  0.20  0.79  0.00  0.00  0.06  0.00
  L_B_0039                1.00   0.00  0.00  0.00  0.02  0.98  0.00  0.00  0.03  0.00
  L_B_0040                1.00   0.00  0.09  0.00  0.84  0.07  0.00  0.00  1.00  0.00
  L_B_0041                1.00   0.00  0.00  0.00  0.56  0.44  0.00  0.00  0.51  0.00
  L_B_0042                1.00   0.00  0.00  0.00  0.70  0.30  0.00  0.00  1.00  0.00
  L_B_0043                1.00   0.00  0.00  0.00  0.56  0.44  0.00  0.00  0.99  0.00
  L_B_0044                1.00   0.00  0.00  0.00  0.97  0.03  0.00  0.00  0.85  0.00
  D_B_01                  1.00   0.00  0.00  0.00  1.00  0.00  0.00  0.00  0.00  0.00
  D_B_02                  1.00   0.00  0.00  0.00  0.00  1.00  0.00  0.00  0.33  0.00
  L_B_C0030               1.00   0.00  0.00  0.00  0.55  0.45  0.00  0.00  0.11  0.00
  
  
  *************************
  Conduit Surcharge Summary
  *************************
  
  ----------------------------------------------------------------------------
                                                           Hours        Hours 
                         --------- Hours Full --------   Above Full   Capacity
  Conduit                Both Ends  Upstream  Dnstream   Normal Flow   Limited
  ----------------------------------------------------------------------------
  L_B_0001                    0.39      0.39      0.48      0.01         0.01
  L_B_0002                    0.48      0.48      0.62      0.01         0.01
  L_B_0003                    0.51      0.51      0.55      0.01         0.01
  L_B_0004                    0.38      0.38      0.48      0.01         0.01
  L_B_0005                    0.48      0.48      0.51      0.01         0.01
  L_B_0006                    0.38      0.38      0.63      0.01         0.01
  L_B_0007                    0.01      0.01      0.51      0.01         0.01
  L_B_0008                    0.51      0.51      1.45      0.01         0.01
  L_B_0009                    0.01      0.01      0.51      0.01         0.01
  L_B_0010                    0.01      0.01      1.51      0.01         0.01
  L_B_0011                    0.01      0.01      1.62      0.01         0.01
  L_B_0012                    0.01      0.01      1.62      0.01         0.01
  L_B_0013                    0.01      0.01      0.38      0.01         0.01
  L_B_0014                    0.38      0.38      1.24      0.01         0.01
  L_B_0015                    1.24      1.24      1.66      0.01         0.01
  L_B_0016                    0.01      0.01      0.38      0.01         0.01
  L_B_0017                    0.01      0.01      1.24      0.01         0.01
  L_B_0020                    0.01      0.01      0.80      0.01         0.01
  L_B_0021                    0.01      0.68      0.01      0.65         0.01
  L_B_0022                    0.01      0.01      1.38      0.01         0.01
  L_B_0023                    0.01      0.01      2.11      0.01         0.01
  L_B_0024                    0.01      0.01      1.70      0.01         0.01
  L_B_0025                    0.01      0.01      1.31      0.01         0.01
  L_B_0026                    0.46      0.46      0.53      0.01         0.01
  L_B_0027                    0.53      0.53      0.56      0.01         0.01
  L_B_0028                    0.56      0.56      0.57      0.04         0.01
  L_B_0029                    0.57      0.57      1.38      0.01         0.01
  L_B_0030                    1.38      1.38      1.47      0.01         0.01
  L_B_0031                    1.47      1.47      1.52      0.05         0.05
  L_B_0032                    1.52      1.52      1.54      0.69         0.65
  L_B_0033                    1.54      1.54      1.59      0.75         0.74
  L_B_0034                    1.59      1.59      1.71      1.47         1.47
  L_B_0035                    1.71      1.71      2.12      1.70         1.70
  L_B_0036                    1.59      1.59      1.83      0.79         0.76
  L_B_0037                    1.29      1.83      1.29      2.07         1.29
  L_B_0038                    1.21      1.29      1.21      1.33         1.21
  L_B_0039                    0.03      1.21      0.03      1.25         0.03
  L_B_0042                    0.01      0.01      0.50      0.01         0.01
  L_B_0043                    0.01      0.01      0.50      0.01         0.01
  L_B_0044                    0.01      0.01      1.71      0.01         0.01
  D_B_01                      0.01      1.56      0.01      3.39         0.01
  L_B_C0030                   0.38      0.50      0.38      0.80         0.38
  

  Analysis begun on:  Mon Aug 17 11:45:42 2026
  Analysis ended on:  Mon Aug 17 11:45:42 2026
  Total elapsed time: < 1 sec